// Jest Snapshot v1, https://goo.gl/fbAQLP

exports[`A1_Component > Category [A1_6_2] Pageのスナップショット 1`] = `
<div>
  <div
    class="my-1"
  />
</div>
`;
